Archive member included because of file (symbol)

c:/freescale/kds_v3/toolchain/bin/../lib/gcc/arm-none-eabi/4.8.4/armv6-m\libgcc.a(_udivsi3.o)
                              ./Project_Settings/Startup_Code/system_SKEAZ1284.o (__aeabi_uidiv)
c:/freescale/kds_v3/toolchain/bin/../lib/gcc/arm-none-eabi/4.8.4/armv6-m\libgcc.a(_dvmd_tls.o)
                              c:/freescale/kds_v3/toolchain/bin/../lib/gcc/arm-none-eabi/4.8.4/armv6-m\libgcc.a(_udivsi3.o) (__aeabi_idiv0)
c:/freescale/kds_v3/toolchain/bin/../lib/gcc/arm-none-eabi/4.8.4/../../../../arm-none-eabi/lib/armv6-m\libg_s.a(lib_a-exit.o)
                              c:/freescale/kds_v3/toolchain/bin/../lib/gcc/arm-none-eabi/4.8.4/../../../../arm-none-eabi/lib/armv6-m/crt0.o (exit)
c:/freescale/kds_v3/toolchain/bin/../lib/gcc/arm-none-eabi/4.8.4/../../../../arm-none-eabi/lib/armv6-m\libg_s.a(lib_a-impure.o)
                              c:/freescale/kds_v3/toolchain/bin/../lib/gcc/arm-none-eabi/4.8.4/../../../../arm-none-eabi/lib/armv6-m\libg_s.a(lib_a-exit.o) (_global_impure_ptr)
c:/freescale/kds_v3/toolchain/bin/../lib/gcc/arm-none-eabi/4.8.4/../../../../arm-none-eabi/lib/armv6-m\libg_s.a(lib_a-init.o)
                              c:/freescale/kds_v3/toolchain/bin/../lib/gcc/arm-none-eabi/4.8.4/../../../../arm-none-eabi/lib/armv6-m/crt0.o (__libc_init_array)
c:/freescale/kds_v3/toolchain/bin/../lib/gcc/arm-none-eabi/4.8.4/../../../../arm-none-eabi/lib/armv6-m\libg_s.a(lib_a-memcpy-stub.o)
                              ./FreeRTOS_Source/queue.o (memcpy)
c:/freescale/kds_v3/toolchain/bin/../lib/gcc/arm-none-eabi/4.8.4/../../../../arm-none-eabi/lib/armv6-m\libg_s.a(lib_a-memset.o)
                              c:/freescale/kds_v3/toolchain/bin/../lib/gcc/arm-none-eabi/4.8.4/../../../../arm-none-eabi/lib/armv6-m/crt0.o (memset)
c:/freescale/kds_v3/toolchain/bin/../lib/gcc/arm-none-eabi/4.8.4/../../../../arm-none-eabi/lib/armv6-m\libnosys.a(_exit.o)
                              c:/freescale/kds_v3/toolchain/bin/../lib/gcc/arm-none-eabi/4.8.4/../../../../arm-none-eabi/lib/armv6-m\libg_s.a(lib_a-exit.o) (_exit)

Allocating common symbols
Common symbol       size              file

xQueueRegistry      0x40              ./FreeRTOS_Source/queue.o

Discarded input sections

 .text          0x00000000        0x0 c:/freescale/kds_v3/toolchain/bin/../lib/gcc/arm-none-eabi/4.8.4/armv6-m/crti.o
 .data          0x00000000        0x0 c:/freescale/kds_v3/toolchain/bin/../lib/gcc/arm-none-eabi/4.8.4/armv6-m/crti.o
 .bss           0x00000000        0x0 c:/freescale/kds_v3/toolchain/bin/../lib/gcc/arm-none-eabi/4.8.4/armv6-m/crti.o
 .data          0x00000000        0x4 c:/freescale/kds_v3/toolchain/bin/../lib/gcc/arm-none-eabi/4.8.4/armv6-m/crtbegin.o
 .data          0x00000000        0x0 c:/freescale/kds_v3/toolchain/bin/../lib/gcc/arm-none-eabi/4.8.4/../../../../arm-none-eabi/lib/armv6-m/crt0.o
 .bss           0x00000000        0x0 c:/freescale/kds_v3/toolchain/bin/../lib/gcc/arm-none-eabi/4.8.4/../../../../arm-none-eabi/lib/armv6-m/crt0.o
 .ARM.extab     0x00000000        0x0 c:/freescale/kds_v3/toolchain/bin/../lib/gcc/arm-none-eabi/4.8.4/../../../../arm-none-eabi/lib/armv6-m/crt0.o
 .group         0x00000000        0x8 ./Sources/main.o
 .group         0x00000000        0x8 ./Sources/main.o
 .group         0x00000000        0x8 ./Sources/main.o
 .group         0x00000000        0x8 ./Sources/main.o
 .group         0x00000000        0x8 ./Sources/main.o
 .group         0x00000000        0x8 ./Sources/main.o
 .group         0x00000000        0x8 ./Sources/main.o
 .group         0x00000000        0x8 ./Sources/main.o
 .group         0x00000000        0x8 ./Sources/main.o
 .group         0x00000000        0x8 ./Sources/main.o
 .group         0x00000000        0x8 ./Sources/main.o
 .group         0x00000000        0x8 ./Sources/main.o
 .group         0x00000000        0x8 ./Sources/main.o
 .group         0x00000000        0x8 ./Sources/main.o
 .group         0x00000000        0x8 ./Sources/main.o
 .group         0x00000000        0x8 ./Sources/main.o
 .group         0x00000000        0x8 ./Sources/main.o
 .group         0x00000000        0x8 ./Sources/main.o
 .group         0x00000000        0x8 ./Sources/main.o
 .group         0x00000000        0x8 ./Sources/main.o
 .group         0x00000000        0x8 ./Sources/main.o
 .group         0x00000000        0x8 ./Sources/main.o
 .group         0x00000000        0x8 ./Sources/main.o
 .group         0x00000000        0x8 ./Sources/main.o
 .group         0x00000000        0x8 ./Sources/main.o
 .group         0x00000000        0x8 ./Sources/main.o
 .group         0x00000000        0x8 ./Sources/main.o
 .group         0x00000000        0x8 ./Sources/main.o
 .group         0x00000000        0x8 ./Sources/main.o
 .group         0x00000000        0x8 ./Sources/main.o
 .group         0x00000000        0x8 ./Sources/main.o
 .group         0x00000000        0x8 ./Sources/main.o
 .text          0x00000000        0x0 ./Sources/main.o
 .data          0x00000000        0x0 ./Sources/main.o
 .bss           0x00000000        0x0 ./Sources/main.o
 .bss.i         0x00000000        0x4 ./Sources/main.o
 .text.vApplicationIdleHook
                0x00000000        0x8 ./Sources/main.o
 .data          0x00000000        0x0 ./Project_Settings/Startup_Code/startup_SKEAZ1284.o
 .bss           0x00000000        0x0 ./Project_Settings/Startup_Code/startup_SKEAZ1284.o
 .group         0x00000000        0x8 ./Project_Settings/Startup_Code/system_SKEAZ1284.o
 .group         0x00000000        0x8 ./Project_Settings/Startup_Code/system_SKEAZ1284.o
 .group         0x00000000        0x8 ./Project_Settings/Startup_Code/system_SKEAZ1284.o
 .group         0x00000000        0x8 ./Project_Settings/Startup_Code/system_SKEAZ1284.o
 .group         0x00000000        0x8 ./Project_Settings/Startup_Code/system_SKEAZ1284.o
 .group         0x00000000        0x8 ./Project_Settings/Startup_Code/system_SKEAZ1284.o
 .group         0x00000000        0x8 ./Project_Settings/Startup_Code/system_SKEAZ1284.o
 .group         0x00000000        0x8 ./Project_Settings/Startup_Code/system_SKEAZ1284.o
 .group         0x00000000        0x8 ./Project_Settings/Startup_Code/system_SKEAZ1284.o
 .group         0x00000000        0x8 ./Project_Settings/Startup_Code/system_SKEAZ1284.o
 .text          0x00000000        0x0 ./Project_Settings/Startup_Code/system_SKEAZ1284.o
 .data          0x00000000        0x0 ./Project_Settings/Startup_Code/system_SKEAZ1284.o
 .bss           0x00000000        0x0 ./Project_Settings/Startup_Code/system_SKEAZ1284.o
 .text.SystemCoreClockUpdate
                0x00000000       0xf4 ./Project_Settings/Startup_Code/system_SKEAZ1284.o
 .debug_macro   0x00000000      0x802 ./Project_Settings/Startup_Code/system_SKEAZ1284.o
 .debug_macro   0x00000000       0x16 ./Project_Settings/Startup_Code/system_SKEAZ1284.o
 .debug_macro   0x00000000       0x44 ./Project_Settings/Startup_Code/system_SKEAZ1284.o
 .debug_macro   0x00000000      0x209 ./Project_Settings/Startup_Code/system_SKEAZ1284.o
 .debug_macro   0x00000000       0x3a ./Project_Settings/Startup_Code/system_SKEAZ1284.o
 .debug_macro   0x00000000       0x26 ./Project_Settings/Startup_Code/system_SKEAZ1284.o
 .debug_macro   0x00000000      0x306 ./Project_Settings/Startup_Code/system_SKEAZ1284.o
 .debug_macro   0x00000000       0x28 ./Project_Settings/Startup_Code/system_SKEAZ1284.o
 .debug_macro   0x00000000     0x479a ./Project_Settings/Startup_Code/system_SKEAZ1284.o
 .group         0x00000000        0x8 ./FreeRTOS_Source/ARM_CM0/port.o
 .group         0x00000000        0x8 ./FreeRTOS_Source/ARM_CM0/port.o
 .group         0x00000000        0x8 ./FreeRTOS_Source/ARM_CM0/port.o
 .group         0x00000000        0x8 ./FreeRTOS_Source/ARM_CM0/port.o
 .group         0x00000000        0x8 ./FreeRTOS_Source/ARM_CM0/port.o
 .group         0x00000000        0x8 ./FreeRTOS_Source/ARM_CM0/port.o
 .group         0x00000000        0x8 ./FreeRTOS_Source/ARM_CM0/port.o
 .group         0x00000000        0x8 ./FreeRTOS_Source/ARM_CM0/port.o
 .group         0x00000000        0x8 ./FreeRTOS_Source/ARM_CM0/port.o
 .group         0x00000000        0x8 ./FreeRTOS_Source/ARM_CM0/port.o
 .group         0x00000000        0x8 ./FreeRTOS_Source/ARM_CM0/port.o
 .group         0x00000000        0x8 ./FreeRTOS_Source/ARM_CM0/port.o
 .group         0x00000000        0x8 ./FreeRTOS_Source/ARM_CM0/port.o
 .text          0x00000000        0x0 ./FreeRTOS_Source/ARM_CM0/port.o
 .data          0x00000000        0x0 ./FreeRTOS_Source/ARM_CM0/port.o
 .bss           0x00000000        0x0 ./FreeRTOS_Source/ARM_CM0/port.o
 .text.vPortSVCHandler
                0x00000000        0x8 ./FreeRTOS_Source/ARM_CM0/port.o
 .text.vPortEndScheduler
                0x00000000       0x1c ./FreeRTOS_Source/ARM_CM0/port.o
 .debug_macro   0x00000000      0x802 ./FreeRTOS_Source/ARM_CM0/port.o
 .debug_macro   0x00000000      0x166 ./FreeRTOS_Source/ARM_CM0/port.o
 .debug_macro   0x00000000       0x16 ./FreeRTOS_Source/ARM_CM0/port.o
 .debug_macro   0x00000000       0x44 ./FreeRTOS_Source/ARM_CM0/port.o
 .debug_macro   0x00000000      0x209 ./FreeRTOS_Source/ARM_CM0/port.o
 .debug_macro   0x00000000       0xfe ./FreeRTOS_Source/ARM_CM0/port.o
 .debug_macro   0x00000000      0x168 ./FreeRTOS_Source/ARM_CM0/port.o
 .debug_macro   0x00000000       0xaf ./FreeRTOS_Source/ARM_CM0/port.o
 .debug_macro   0x00000000       0x10 ./FreeRTOS_Source/ARM_CM0/port.o
 .debug_macro   0x00000000       0x1f ./FreeRTOS_Source/ARM_CM0/port.o
 .debug_macro   0x00000000      0x3ec ./FreeRTOS_Source/ARM_CM0/port.o
 .debug_macro   0x00000000       0xc0 ./FreeRTOS_Source/ARM_CM0/port.o
 .debug_macro   0x00000000       0x8c ./FreeRTOS_Source/ARM_CM0/port.o
 .group         0x00000000        0x8 ./FreeRTOS_Source/heap_4.o
 .group         0x00000000        0x8 ./FreeRTOS_Source/heap_4.o
 .group         0x00000000        0x8 ./FreeRTOS_Source/heap_4.o
 .group         0x00000000        0x8 ./FreeRTOS_Source/heap_4.o
 .group         0x00000000        0x8 ./FreeRTOS_Source/heap_4.o
 .group         0x00000000        0x8 ./FreeRTOS_Source/heap_4.o
 .group         0x00000000        0x8 ./FreeRTOS_Source/heap_4.o
 .group         0x00000000        0x8 ./FreeRTOS_Source/heap_4.o
 .group         0x00000000        0x8 ./FreeRTOS_Source/heap_4.o
 .group         0x00000000        0x8 ./FreeRTOS_Source/heap_4.o
 .group         0x00000000        0x8 ./FreeRTOS_Source/heap_4.o
 .group         0x00000000        0x8 ./FreeRTOS_Source/heap_4.o
 .group         0x00000000        0x8 ./FreeRTOS_Source/heap_4.o
 .group         0x00000000        0x8 ./FreeRTOS_Source/heap_4.o
 .group         0x00000000        0x8 ./FreeRTOS_Source/heap_4.o
 .group         0x00000000        0x8 ./FreeRTOS_Source/heap_4.o
 .group         0x00000000        0x8 ./FreeRTOS_Source/heap_4.o
 .group         0x00000000        0x8 ./FreeRTOS_Source/heap_4.o
 .group         0x00000000        0x8 ./FreeRTOS_Source/heap_4.o
 .group         0x00000000        0x8 ./FreeRTOS_Source/heap_4.o
 .group         0x00000000        0x8 ./FreeRTOS_Source/heap_4.o
 .group         0x00000000        0x8 ./FreeRTOS_Source/heap_4.o
 .group         0x00000000        0x8 ./FreeRTOS_Source/heap_4.o
 .text          0x00000000        0x0 ./FreeRTOS_Source/heap_4.o
 .data          0x00000000        0x0 ./FreeRTOS_Source/heap_4.o
 .bss           0x00000000        0x0 ./FreeRTOS_Source/heap_4.o
 .rodata.xHeapStructSize
                0x00000000        0x4 ./FreeRTOS_Source/heap_4.o
 .text.xPortGetFreeHeapSize
                0x00000000       0x14 ./FreeRTOS_Source/heap_4.o
 .text.xPortGetMinimumEverFreeHeapSize
                0x00000000       0x14 ./FreeRTOS_Source/heap_4.o
 .text.vPortInitialiseBlocks
                0x00000000        0x8 ./FreeRTOS_Source/heap_4.o
 .debug_macro   0x00000000      0x802 ./FreeRTOS_Source/heap_4.o
 .debug_macro   0x00000000       0x58 ./FreeRTOS_Source/heap_4.o
 .debug_macro   0x00000000       0x16 ./FreeRTOS_Source/heap_4.o
 .debug_macro   0x00000000       0x35 ./FreeRTOS_Source/heap_4.o
 .debug_macro   0x00000000       0xa3 ./FreeRTOS_Source/heap_4.o
 .debug_macro   0x00000000       0x52 ./FreeRTOS_Source/heap_4.o
 .debug_macro   0x00000000       0x16 ./FreeRTOS_Source/heap_4.o
 .debug_macro   0x00000000       0x43 ./FreeRTOS_Source/heap_4.o
 .debug_macro   0x00000000      0x180 ./FreeRTOS_Source/heap_4.o
 .debug_macro   0x00000000       0xfe ./FreeRTOS_Source/heap_4.o
 .debug_macro   0x00000000      0x168 ./FreeRTOS_Source/heap_4.o
 .debug_macro   0x00000000       0xaf ./FreeRTOS_Source/heap_4.o
 .debug_macro   0x00000000       0x10 ./FreeRTOS_Source/heap_4.o
 .debug_macro   0x00000000       0x1f ./FreeRTOS_Source/heap_4.o
 .debug_macro   0x00000000      0x3ec ./FreeRTOS_Source/heap_4.o
 .debug_macro   0x00000000       0xc0 ./FreeRTOS_Source/heap_4.o
 .debug_macro   0x00000000       0x8c ./FreeRTOS_Source/heap_4.o
 .group         0x00000000        0x8 ./FreeRTOS_Source/list.o
 .group         0x00000000        0x8 ./FreeRTOS_Source/list.o
 .group         0x00000000        0x8 ./FreeRTOS_Source/list.o
 .group         0x00000000        0x8 ./FreeRTOS_Source/list.o
 .group         0x00000000        0x8 ./FreeRTOS_Source/list.o
 .group         0x00000000        0x8 ./FreeRTOS_Source/list.o
 .group         0x00000000        0x8 ./FreeRTOS_Source/list.o
 .group         0x00000000        0x8 ./FreeRTOS_Source/list.o
 .group         0x00000000        0x8 ./FreeRTOS_Source/list.o
 .group         0x00000000        0x8 ./FreeRTOS_Source/list.o
 .group         0x00000000        0x8 ./FreeRTOS_Source/list.o
 .group         0x00000000        0x8 ./FreeRTOS_Source/list.o
 .group         0x00000000        0x8 ./FreeRTOS_Source/list.o
 .group         0x00000000        0x8 ./FreeRTOS_Source/list.o
 .group         0x00000000        0x8 ./FreeRTOS_Source/list.o
 .group         0x00000000        0x8 ./FreeRTOS_Source/list.o
 .group         0x00000000        0x8 ./FreeRTOS_Source/list.o
 .group         0x00000000        0x8 ./FreeRTOS_Source/list.o
 .group         0x00000000        0x8 ./FreeRTOS_Source/list.o
 .group         0x00000000        0x8 ./FreeRTOS_Source/list.o
 .group         0x00000000        0x8 ./FreeRTOS_Source/list.o
 .group         0x00000000        0x8 ./FreeRTOS_Source/list.o
 .text          0x00000000        0x0 ./FreeRTOS_Source/list.o
 .data          0x00000000        0x0 ./FreeRTOS_Source/list.o
 .bss           0x00000000        0x0 ./FreeRTOS_Source/list.o
 .debug_macro   0x00000000      0x802 ./FreeRTOS_Source/list.o
 .debug_macro   0x00000000       0x58 ./FreeRTOS_Source/list.o
 .debug_macro   0x00000000       0x16 ./FreeRTOS_Source/list.o
 .debug_macro   0x00000000       0x35 ./FreeRTOS_Source/list.o
 .debug_macro   0x00000000       0xa3 ./FreeRTOS_Source/list.o
 .debug_macro   0x00000000       0x16 ./FreeRTOS_Source/list.o
 .debug_macro   0x00000000      0x10e ./FreeRTOS_Source/list.o
 .debug_macro   0x00000000       0x7f ./FreeRTOS_Source/list.o
 .debug_macro   0x00000000       0x4a ./FreeRTOS_Source/list.o
 .debug_macro   0x00000000       0x52 ./FreeRTOS_Source/list.o
 .debug_macro   0x00000000       0x16 ./FreeRTOS_Source/list.o
 .debug_macro   0x00000000       0x43 ./FreeRTOS_Source/list.o
 .debug_macro   0x00000000      0x180 ./FreeRTOS_Source/list.o
 .debug_macro   0x00000000       0x22 ./FreeRTOS_Source/list.o
 .debug_macro   0x00000000      0x20f ./FreeRTOS_Source/list.o
 .debug_macro   0x00000000       0xfe ./FreeRTOS_Source/list.o
 .debug_macro   0x00000000      0x168 ./FreeRTOS_Source/list.o
 .debug_macro   0x00000000       0xaf ./FreeRTOS_Source/list.o
 .debug_macro   0x00000000       0x10 ./FreeRTOS_Source/list.o
 .debug_macro   0x00000000       0x1f ./FreeRTOS_Source/list.o
 .debug_macro   0x00000000      0x3ec ./FreeRTOS_Source/list.o
 .debug_macro   0x00000000       0xc0 ./FreeRTOS_Source/list.o
 .group         0x00000000        0x8 ./FreeRTOS_Source/queue.o
 .group         0x00000000        0x8 ./FreeRTOS_Source/queue.o
 .group         0x00000000        0x8 ./FreeRTOS_Source/queue.o
 .group         0x00000000        0x8 ./FreeRTOS_Source/queue.o
 .group         0x00000000        0x8 ./FreeRTOS_Source/queue.o
 .group         0x00000000        0x8 ./FreeRTOS_Source/queue.o
 .group         0x00000000        0x8 ./FreeRTOS_Source/queue.o
 .group         0x00000000        0x8 ./FreeRTOS_Source/queue.o
 .group         0x00000000        0x8 ./FreeRTOS_Source/queue.o
 .group         0x00000000        0x8 ./FreeRTOS_Source/queue.o
 .group         0x00000000        0x8 ./FreeRTOS_Source/queue.o
 .group         0x00000000        0x8 ./FreeRTOS_Source/queue.o
 .group         0x00000000        0x8 ./FreeRTOS_Source/queue.o
 .group         0x00000000        0x8 ./FreeRTOS_Source/queue.o
 .group         0x00000000        0x8 ./FreeRTOS_Source/queue.o
 .group         0x00000000        0x8 ./FreeRTOS_Source/queue.o
 .group         0x00000000        0x8 ./FreeRTOS_Source/queue.o
 .group         0x00000000        0x8 ./FreeRTOS_Source/queue.o
 .group         0x00000000        0x8 ./FreeRTOS_Source/queue.o
 .group         0x00000000        0x8 ./FreeRTOS_Source/queue.o
 .group         0x00000000        0x8 ./FreeRTOS_Source/queue.o
 .group         0x00000000        0x8 ./FreeRTOS_Source/queue.o
 .group         0x00000000        0x8 ./FreeRTOS_Source/queue.o
 .group         0x00000000        0x8 ./FreeRTOS_Source/queue.o
 .group         0x00000000        0x8 ./FreeRTOS_Source/queue.o
 .group         0x00000000        0x8 ./FreeRTOS_Source/queue.o
 .group         0x00000000        0x8 ./FreeRTOS_Source/queue.o
 .text          0x00000000        0x0 ./FreeRTOS_Source/queue.o
 .data          0x00000000        0x0 ./FreeRTOS_Source/queue.o
 .bss           0x00000000        0x0 ./FreeRTOS_Source/queue.o
 .text.prvInitialiseMutex
                0x00000000       0x34 ./FreeRTOS_Source/queue.o
 .text.xQueueCreateMutex
                0x00000000       0x3c ./FreeRTOS_Source/queue.o
 .text.xQueueGiveMutexRecursive
                0x00000000       0x58 ./FreeRTOS_Source/queue.o
 .text.xQueueTakeMutexRecursive
                0x00000000       0x64 ./FreeRTOS_Source/queue.o
 .text.xQueueCreateCountingSemaphore
                0x00000000       0x48 ./FreeRTOS_Source/queue.o
 .text.xQueueGiveFromISR
                0x00000000       0xf4 ./FreeRTOS_Source/queue.o
 .text.xQueueReceiveFromISR
                0x00000000       0xcc ./FreeRTOS_Source/queue.o
 .text.xQueuePeekFromISR
                0x00000000       0x84 ./FreeRTOS_Source/queue.o
 .text.uxQueueMessagesWaiting
                0x00000000       0x2c ./FreeRTOS_Source/queue.o
 .text.uxQueueSpacesAvailable
                0x00000000       0x34 ./FreeRTOS_Source/queue.o
 .text.uxQueueMessagesWaitingFromISR
                0x00000000       0x24 ./FreeRTOS_Source/queue.o
 .text.vQueueDelete
                0x00000000       0x2c ./FreeRTOS_Source/queue.o
 .text.uxQueueGetQueueNumber
                0x00000000       0x14 ./FreeRTOS_Source/queue.o
 .text.vQueueSetQueueNumber
                0x00000000       0x18 ./FreeRTOS_Source/queue.o
 .text.ucQueueGetQueueType
                0x00000000       0x18 ./FreeRTOS_Source/queue.o
 .text.xQueueIsQueueEmptyFromISR
                0x00000000       0x30 ./FreeRTOS_Source/queue.o
 .text.xQueueIsQueueFullFromISR
                0x00000000       0x34 ./FreeRTOS_Source/queue.o
 .text.pcQueueGetName
                0x00000000       0x48 ./FreeRTOS_Source/queue.o
 .text.vQueueUnregisterQueue
                0x00000000       0x4c ./FreeRTOS_Source/queue.o
 .text.xQueueCreateSet
                0x00000000       0x24 ./FreeRTOS_Source/queue.o
 .text.xQueueAddToSet
                0x00000000       0x44 ./FreeRTOS_Source/queue.o
 .text.xQueueRemoveFromSet
                0x00000000       0x48 ./FreeRTOS_Source/queue.o
 .text.xQueueSelectFromSet
                0x00000000       0x2c ./FreeRTOS_Source/queue.o
 .text.xQueueSelectFromSetFromISR
                0x00000000       0x28 ./FreeRTOS_Source/queue.o
 .debug_macro   0x00000000      0x802 ./FreeRTOS_Source/queue.o
 .debug_macro   0x00000000       0x58 ./FreeRTOS_Source/queue.o
 .debug_macro   0x00000000       0x16 ./FreeRTOS_Source/queue.o
 .debug_macro   0x00000000       0x35 ./FreeRTOS_Source/queue.o
 .debug_macro   0x00000000       0xa3 ./FreeRTOS_Source/queue.o
 .debug_macro   0x00000000       0x16 ./FreeRTOS_Source/queue.o
 .debug_macro   0x00000000      0x10e ./FreeRTOS_Source/queue.o
 .debug_macro   0x00000000       0x7f ./FreeRTOS_Source/queue.o
 .debug_macro   0x00000000       0x4a ./FreeRTOS_Source/queue.o
 .debug_macro   0x00000000       0x52 ./FreeRTOS_Source/queue.o
 .debug_macro   0x00000000       0x16 ./FreeRTOS_Source/queue.o
 .debug_macro   0x00000000       0x43 ./FreeRTOS_Source/queue.o
 .debug_macro   0x00000000      0x180 ./FreeRTOS_Source/queue.o
 .debug_macro   0x00000000       0x22 ./FreeRTOS_Source/queue.o
 .debug_macro   0x00000000      0x2a6 ./FreeRTOS_Source/queue.o
 .debug_macro   0x00000000       0x10 ./FreeRTOS_Source/queue.o
 .debug_macro   0x00000000       0x35 ./FreeRTOS_Source/queue.o
 .debug_macro   0x00000000      0x20f ./FreeRTOS_Source/queue.o
 .debug_macro   0x00000000       0xfe ./FreeRTOS_Source/queue.o
 .debug_macro   0x00000000      0x168 ./FreeRTOS_Source/queue.o
 .debug_macro   0x00000000       0xaf ./FreeRTOS_Source/queue.o
 .debug_macro   0x00000000       0x10 ./FreeRTOS_Source/queue.o
 .debug_macro   0x00000000       0x1f ./FreeRTOS_Source/queue.o
 .debug_macro   0x00000000      0x3ec ./FreeRTOS_Source/queue.o
 .debug_macro   0x00000000       0xc0 ./FreeRTOS_Source/queue.o
 .debug_macro   0x00000000       0x8c ./FreeRTOS_Source/queue.o
 .debug_macro   0x00000000       0x94 ./FreeRTOS_Source/queue.o
 .group         0x00000000        0x8 ./FreeRTOS_Source/tasks.o
 .group         0x00000000        0x8 ./FreeRTOS_Source/tasks.o
 .group         0x00000000        0x8 ./FreeRTOS_Source/tasks.o
 .group         0x00000000        0x8 ./FreeRTOS_Source/tasks.o
 .group         0x00000000        0x8 ./FreeRTOS_Source/tasks.o
 .group         0x00000000        0x8 ./FreeRTOS_Source/tasks.o
 .group         0x00000000        0x8 ./FreeRTOS_Source/tasks.o
 .group         0x00000000        0x8 ./FreeRTOS_Source/tasks.o
 .group         0x00000000        0x8 ./FreeRTOS_Source/tasks.o
 .group         0x00000000        0x8 ./FreeRTOS_Source/tasks.o
 .group         0x00000000        0x8 ./FreeRTOS_Source/tasks.o
 .group         0x00000000        0x8 ./FreeRTOS_Source/tasks.o
 .group         0x00000000        0x8 ./FreeRTOS_Source/tasks.o
 .group         0x00000000        0x8 ./FreeRTOS_Source/tasks.o
 .group         0x00000000        0x8 ./FreeRTOS_Source/tasks.o
 .group         0x00000000        0x8 ./FreeRTOS_Source/tasks.o
 .group         0x00000000        0x8 ./FreeRTOS_Source/tasks.o
 .group         0x00000000        0x8 ./FreeRTOS_Source/tasks.o
 .group         0x00000000        0x8 ./FreeRTOS_Source/tasks.o
 .group         0x00000000        0x8 ./FreeRTOS_Source/tasks.o
 .group         0x00000000        0x8 ./FreeRTOS_Source/tasks.o
 .group         0x00000000        0x8 ./FreeRTOS_Source/tasks.o
 .group         0x00000000        0x8 ./FreeRTOS_Source/tasks.o
 .group         0x00000000        0x8 ./FreeRTOS_Source/tasks.o
 .group         0x00000000        0x8 ./FreeRTOS_Source/tasks.o
 .group         0x00000000        0x8 ./FreeRTOS_Source/tasks.o
 .group         0x00000000        0x8 ./FreeRTOS_Source/tasks.o
 .group         0x00000000        0x8 ./FreeRTOS_Source/tasks.o
 .text          0x00000000        0x0 ./FreeRTOS_Source/tasks.o
 .data          0x00000000        0x0 ./FreeRTOS_Source/tasks.o
 .bss           0x00000000        0x0 ./FreeRTOS_Source/tasks.o
 .text.vTaskDelete
                0x00000000       0xc4 ./FreeRTOS_Source/tasks.o
 .text.vTaskDelayUntil
                0x00000000       0xb4 ./FreeRTOS_Source/tasks.o
 .text.vTaskDelay
                0x00000000       0x48 ./FreeRTOS_Source/tasks.o
 .text.eTaskGetState
                0x00000000       0xbc ./FreeRTOS_Source/tasks.o
 .text.uxTaskPriorityGet
                0x00000000       0x34 ./FreeRTOS_Source/tasks.o
 .text.uxTaskPriorityGetFromISR
                0x00000000       0x3c ./FreeRTOS_Source/tasks.o
 .text.vTaskPrioritySet
                0x00000000      0x120 ./FreeRTOS_Source/tasks.o
 .text.vTaskSuspend
                0x00000000       0xb4 ./FreeRTOS_Source/tasks.o
 .text.prvTaskIsTaskSuspended
                0x00000000       0x60 ./FreeRTOS_Source/tasks.o
 .text.vTaskResume
                0x00000000       0x9c ./FreeRTOS_Source/tasks.o
 .text.xTaskResumeFromISR
                0x00000000       0xbc ./FreeRTOS_Source/tasks.o
 .text.vTaskEndScheduler
                0x00000000       0x18 ./FreeRTOS_Source/tasks.o
 .text.xTaskGetTickCountFromISR
                0x00000000       0x20 ./FreeRTOS_Source/tasks.o
 .text.uxTaskGetNumberOfTasks
                0x00000000       0x14 ./FreeRTOS_Source/tasks.o
 .text.pcTaskGetName
                0x00000000       0x34 ./FreeRTOS_Source/tasks.o
 .text.uxTaskGetSystemState
                0x00000000      0x11c ./FreeRTOS_Source/tasks.o
 .text.vTaskPlaceOnUnorderedEventList
                0x00000000       0x58 ./FreeRTOS_Source/tasks.o
 .text.xTaskRemoveFromUnorderedEventList
                0x00000000       0xb0 ./FreeRTOS_Source/tasks.o
 .text.uxTaskGetTaskNumber
                0x00000000       0x28 ./FreeRTOS_Source/tasks.o
 .text.vTaskSetTaskNumber
                0x00000000       0x20 ./FreeRTOS_Source/tasks.o
 .text.vTaskGetInfo
                0x00000000       0xc4 ./FreeRTOS_Source/tasks.o
 .text.prvListTasksWithinSingleList
                0x00000000       0xa8 ./FreeRTOS_Source/tasks.o
 .text.prvTaskCheckFreeStackSpace
                0x00000000       0x34 ./FreeRTOS_Source/tasks.o
 .text.xTaskGetCurrentTaskHandle
                0x00000000       0x1c ./FreeRTOS_Source/tasks.o
 .text.uxTaskResetEventItemValue
                0x00000000       0x2c ./FreeRTOS_Source/tasks.o
 .text.ulTaskNotifyTake
                0x00000000       0x84 ./FreeRTOS_Source/tasks.o
 .text.xTaskNotifyWait
                0x00000000       0xa8 ./FreeRTOS_Source/tasks.o
 .text.xTaskGenericNotify
                0x00000000      0x118 ./FreeRTOS_Source/tasks.o
 .rodata.xTaskGenericNotify
                0x00000000       0x14 ./FreeRTOS_Source/tasks.o
 .text.xTaskGenericNotifyFromISR
                0x00000000      0x154 ./FreeRTOS_Source/tasks.o
 .rodata.xTaskGenericNotifyFromISR
                0x00000000       0x14 ./FreeRTOS_Source/tasks.o
 .text.vTaskNotifyGiveFromISR
                0x00000000       0xf0 ./FreeRTOS_Source/tasks.o
 .text.xTaskNotifyStateClear
                0x00000000       0x4c ./FreeRTOS_Source/tasks.o
 .debug_macro   0x00000000      0x802 ./FreeRTOS_Source/tasks.o
 .debug_macro   0x00000000       0x58 ./FreeRTOS_Source/tasks.o
 .debug_macro   0x00000000       0x16 ./FreeRTOS_Source/tasks.o
 .debug_macro   0x00000000       0x35 ./FreeRTOS_Source/tasks.o
 .debug_macro   0x00000000       0xa3 ./FreeRTOS_Source/tasks.o
 .debug_macro   0x00000000       0x16 ./FreeRTOS_Source/tasks.o
 .debug_macro   0x00000000      0x10e ./FreeRTOS_Source/tasks.o
 .debug_macro   0x00000000       0x7f ./FreeRTOS_Source/tasks.o
 .debug_macro   0x00000000       0x4a ./FreeRTOS_Source/tasks.o
 .debug_macro   0x00000000       0x52 ./FreeRTOS_Source/tasks.o
 .debug_macro   0x00000000       0x16 ./FreeRTOS_Source/tasks.o
 .debug_macro   0x00000000       0x43 ./FreeRTOS_Source/tasks.o
 .debug_macro   0x00000000      0x180 ./FreeRTOS_Source/tasks.o
 .debug_macro   0x00000000       0x22 ./FreeRTOS_Source/tasks.o
 .debug_macro   0x00000000      0x2a6 ./FreeRTOS_Source/tasks.o
 .debug_macro   0x00000000       0x10 ./FreeRTOS_Source/tasks.o
 .debug_macro   0x00000000       0x35 ./FreeRTOS_Source/tasks.o
 .debug_macro   0x00000000      0x20f ./FreeRTOS_Source/tasks.o
 .debug_macro   0x00000000       0xfe ./FreeRTOS_Source/tasks.o
 .debug_macro   0x00000000      0x168 ./FreeRTOS_Source/tasks.o
 .debug_macro   0x00000000       0xaf ./FreeRTOS_Source/tasks.o
 .debug_macro   0x00000000       0x10 ./FreeRTOS_Source/tasks.o
 .debug_macro   0x00000000       0x1f ./FreeRTOS_Source/tasks.o
 .debug_macro   0x00000000      0x3ec ./FreeRTOS_Source/tasks.o
 .debug_macro   0x00000000       0xc0 ./FreeRTOS_Source/tasks.o
 .debug_macro   0x00000000       0x8c ./FreeRTOS_Source/tasks.o
 .group         0x00000000        0x8 ./FreeRTOS_Source/timers.o
 .group         0x00000000        0x8 ./FreeRTOS_Source/timers.o
 .group         0x00000000        0x8 ./FreeRTOS_Source/timers.o
 .group         0x00000000        0x8 ./FreeRTOS_Source/timers.o
 .group         0x00000000        0x8 ./FreeRTOS_Source/timers.o
 .group         0x00000000        0x8 ./FreeRTOS_Source/timers.o
 .group         0x00000000        0x8 ./FreeRTOS_Source/timers.o
 .group         0x00000000        0x8 ./FreeRTOS_Source/timers.o
 .group         0x00000000        0x8 ./FreeRTOS_Source/timers.o
 .group         0x00000000        0x8 ./FreeRTOS_Source/timers.o
 .group         0x00000000        0x8 ./FreeRTOS_Source/timers.o
 .group         0x00000000        0x8 ./FreeRTOS_Source/timers.o
 .group         0x00000000        0x8 ./FreeRTOS_Source/timers.o
 .group         0x00000000        0x8 ./FreeRTOS_Source/timers.o
 .group         0x00000000        0x8 ./FreeRTOS_Source/timers.o
 .group         0x00000000        0x8 ./FreeRTOS_Source/timers.o
 .group         0x00000000        0x8 ./FreeRTOS_Source/timers.o
 .group         0x00000000        0x8 ./FreeRTOS_Source/timers.o
 .group         0x00000000        0x8 ./FreeRTOS_Source/timers.o
 .group         0x00000000        0x8 ./FreeRTOS_Source/timers.o
 .group         0x00000000        0x8 ./FreeRTOS_Source/timers.o
 .group         0x00000000        0x8 ./FreeRTOS_Source/timers.o
 .group         0x00000000        0x8 ./FreeRTOS_Source/timers.o
 .group         0x00000000        0x8 ./FreeRTOS_Source/timers.o
 .group         0x00000000        0x8 ./FreeRTOS_Source/timers.o
 .text          0x00000000        0x0 ./FreeRTOS_Source/timers.o
 .data          0x00000000        0x0 ./FreeRTOS_Source/timers.o
 .bss           0x00000000        0x0 ./FreeRTOS_Source/timers.o
 .text.xTimerCreate
                0x00000000       0x3c ./FreeRTOS_Source/timers.o
 .text.prvInitialiseNewTimer
                0x00000000       0x50 ./FreeRTOS_Source/timers.o
 .text.xTimerGetTimerDaemonTaskHandle
                0x00000000       0x20 ./FreeRTOS_Source/timers.o
 .text.xTimerGetPeriod
                0x00000000       0x24 ./FreeRTOS_Source/timers.o
 .text.xTimerGetExpiryTime
                0x00000000       0x28 ./FreeRTOS_Source/timers.o
 .text.pcTimerGetName
                0x00000000       0x24 ./FreeRTOS_Source/timers.o
 .text.xTimerIsTimerActive
                0x00000000       0x34 ./FreeRTOS_Source/timers.o
 .text.pvTimerGetTimerID
                0x00000000       0x30 ./FreeRTOS_Source/timers.o
 .text.vTimerSetTimerID
                0x00000000       0x2c ./FreeRTOS_Source/timers.o
 .debug_macro   0x00000000      0x802 ./FreeRTOS_Source/timers.o
 .debug_macro   0x00000000       0x58 ./FreeRTOS_Source/timers.o
 .debug_macro   0x00000000       0x16 ./FreeRTOS_Source/timers.o
 .debug_macro   0x00000000       0x35 ./FreeRTOS_Source/timers.o
 .debug_macro   0x00000000       0xa3 ./FreeRTOS_Source/timers.o
 .debug_macro   0x00000000       0x16 ./FreeRTOS_Source/timers.o
 .debug_macro   0x00000000      0x10e ./FreeRTOS_Source/timers.o
 .debug_macro   0x00000000       0x7f ./FreeRTOS_Source/timers.o
 .debug_macro   0x00000000       0x4a ./FreeRTOS_Source/timers.o
 .debug_macro   0x00000000       0x52 ./FreeRTOS_Source/timers.o
 .debug_macro   0x00000000       0x16 ./FreeRTOS_Source/timers.o
 .debug_macro   0x00000000       0x43 ./FreeRTOS_Source/timers.o
 .debug_macro   0x00000000      0x180 ./FreeRTOS_Source/timers.o
 .debug_macro   0x00000000       0x22 ./FreeRTOS_Source/timers.o
 .debug_macro   0x00000000      0x20f ./FreeRTOS_Source/timers.o
 .debug_macro   0x00000000       0xfe ./FreeRTOS_Source/timers.o
 .debug_macro   0x00000000      0x168 ./FreeRTOS_Source/timers.o
 .debug_macro   0x00000000       0xaf ./FreeRTOS_Source/timers.o
 .debug_macro   0x00000000       0x10 ./FreeRTOS_Source/timers.o
 .debug_macro   0x00000000       0x1f ./FreeRTOS_Source/timers.o
 .debug_macro   0x00000000      0x3ec ./FreeRTOS_Source/timers.o
 .debug_macro   0x00000000       0xc0 ./FreeRTOS_Source/timers.o
 .debug_macro   0x00000000       0x8c ./FreeRTOS_Source/timers.o
 .debug_macro   0x00000000       0x94 ./FreeRTOS_Source/timers.o
 .debug_macro   0x00000000       0x91 ./FreeRTOS_Source/timers.o
 .data          0x00000000        0x0 c:/freescale/kds_v3/toolchain/bin/../lib/gcc/arm-none-eabi/4.8.4/armv6-m\libgcc.a(_udivsi3.o)
 .bss           0x00000000        0x0 c:/freescale/kds_v3/toolchain/bin/../lib/gcc/arm-none-eabi/4.8.4/armv6-m\libgcc.a(_udivsi3.o)
 .data          0x00000000        0x0 c:/freescale/kds_v3/toolchain/bin/../lib/gcc/arm-none-eabi/4.8.4/armv6-m\libgcc.a(_dvmd_tls.o)
 .bss           0x00000000        0x0 c:/freescale/kds_v3/toolchain/bin/../lib/gcc/arm-none-eabi/4.8.4/armv6-m\libgcc.a(_dvmd_tls.o)
 .text          0x00000000        0x0 c:/freescale/kds_v3/toolchain/bin/../lib/gcc/arm-none-eabi/4.8.4/../../../../arm-none-eabi/lib/armv6-m\libg_s.a(lib_a-exit.o)
 .data          0x00000000        0x0 c:/freescale/kds_v3/toolchain/bin/../lib/gcc/arm-none-eabi/4.8.4/../../../../arm-none-eabi/lib/armv6-m\libg_s.a(lib_a-exit.o)
 .bss           0x00000000        0x0 c:/freescale/kds_v3/toolchain/bin/../lib/gcc/arm-none-eabi/4.8.4/../../../../arm-none-eabi/lib/armv6-m\libg_s.a(lib_a-exit.o)
 .text          0x00000000        0x0 c:/freescale/kds_v3/toolchain/bin/../lib/gcc/arm-none-eabi/4.8.4/../../../../arm-none-eabi/lib/armv6-m\libg_s.a(lib_a-impure.o)
 .data          0x00000000        0x0 c:/freescale/kds_v3/toolchain/bin/../lib/gcc/arm-none-eabi/4.8.4/../../../../arm-none-eabi/lib/armv6-m\libg_s.a(lib_a-impure.o)
 .bss           0x00000000        0x0 c:/freescale/kds_v3/toolchain/bin/../lib/gcc/arm-none-eabi/4.8.4/../../../../arm-none-eabi/lib/armv6-m\libg_s.a(lib_a-impure.o)
 .data._impure_ptr
                0x00000000        0x4 c:/freescale/kds_v3/toolchain/bin/../lib/gcc/arm-none-eabi/4.8.4/../../../../arm-none-eabi/lib/armv6-m\libg_s.a(lib_a-impure.o)
 .text          0x00000000        0x0 c:/freescale/kds_v3/toolchain/bin/../lib/gcc/arm-none-eabi/4.8.4/../../../../arm-none-eabi/lib/armv6-m\libg_s.a(lib_a-init.o)
 .data          0x00000000        0x0 c:/freescale/kds_v3/toolchain/bin/../lib/gcc/arm-none-eabi/4.8.4/../../../../arm-none-eabi/lib/armv6-m\libg_s.a(lib_a-init.o)
 .bss           0x00000000        0x0 c:/freescale/kds_v3/toolchain/bin/../lib/gcc/arm-none-eabi/4.8.4/../../../../arm-none-eabi/lib/armv6-m\libg_s.a(lib_a-init.o)
 .text          0x00000000        0x0 c:/freescale/kds_v3/toolchain/bin/../lib/gcc/arm-none-eabi/4.8.4/../../../../arm-none-eabi/lib/armv6-m\libg_s.a(lib_a-memcpy-stub.o)
 .data          0x00000000        0x0 c:/freescale/kds_v3/toolchain/bin/../lib/gcc/arm-none-eabi/4.8.4/../../../../arm-none-eabi/lib/armv6-m\libg_s.a(lib_a-memcpy-stub.o)
 .bss           0x00000000        0x0 c:/freescale/kds_v3/toolchain/bin/../lib/gcc/arm-none-eabi/4.8.4/../../../../arm-none-eabi/lib/armv6-m\libg_s.a(lib_a-memcpy-stub.o)
 .text          0x00000000        0x0 c:/freescale/kds_v3/toolchain/bin/../lib/gcc/arm-none-eabi/4.8.4/../../../../arm-none-eabi/lib/armv6-m\libg_s.a(lib_a-memset.o)
 .data          0x00000000        0x0 c:/freescale/kds_v3/toolchain/bin/../lib/gcc/arm-none-eabi/4.8.4/../../../../arm-none-eabi/lib/armv6-m\libg_s.a(lib_a-memset.o)
 .bss           0x00000000        0x0 c:/freescale/kds_v3/toolchain/bin/../lib/gcc/arm-none-eabi/4.8.4/../../../../arm-none-eabi/lib/armv6-m\libg_s.a(lib_a-memset.o)
 .text          0x00000000        0x0 c:/freescale/kds_v3/toolchain/bin/../lib/gcc/arm-none-eabi/4.8.4/../../../../arm-none-eabi/lib/armv6-m\libnosys.a(_exit.o)
 .data          0x00000000        0x0 c:/freescale/kds_v3/toolchain/bin/../lib/gcc/arm-none-eabi/4.8.4/../../../../arm-none-eabi/lib/armv6-m\libnosys.a(_exit.o)
 .bss           0x00000000        0x0 c:/freescale/kds_v3/toolchain/bin/../lib/gcc/arm-none-eabi/4.8.4/../../../../arm-none-eabi/lib/armv6-m\libnosys.a(_exit.o)
 .text          0x00000000        0x0 c:/freescale/kds_v3/toolchain/bin/../lib/gcc/arm-none-eabi/4.8.4/armv6-m/crtend.o
 .data          0x00000000        0x0 c:/freescale/kds_v3/toolchain/bin/../lib/gcc/arm-none-eabi/4.8.4/armv6-m/crtend.o
 .bss           0x00000000        0x0 c:/freescale/kds_v3/toolchain/bin/../lib/gcc/arm-none-eabi/4.8.4/armv6-m/crtend.o
 .eh_frame      0x00000000        0x4 c:/freescale/kds_v3/toolchain/bin/../lib/gcc/arm-none-eabi/4.8.4/armv6-m/crtend.o
 .text          0x00000000        0x0 c:/freescale/kds_v3/toolchain/bin/../lib/gcc/arm-none-eabi/4.8.4/armv6-m/crtn.o
 .data          0x00000000        0x0 c:/freescale/kds_v3/toolchain/bin/../lib/gcc/arm-none-eabi/4.8.4/armv6-m/crtn.o
 .bss           0x00000000        0x0 c:/freescale/kds_v3/toolchain/bin/../lib/gcc/arm-none-eabi/4.8.4/armv6-m/crtn.o

Memory Configuration

Name             Origin             Length             Attributes
m_interrupts     0x00000000         0x00000100         xr
m_flash_config   0x00000400         0x00000010         xr
m_text           0x00000410         0x0001fbf0         xr
m_data           0x1ffff000         0x00004000         rw
*default*        0x00000000         0xffffffff

Linker script and memory map

LOAD c:/freescale/kds_v3/toolchain/bin/../lib/gcc/arm-none-eabi/4.8.4/armv6-m/crti.o
LOAD c:/freescale/kds_v3/toolchain/bin/../lib/gcc/arm-none-eabi/4.8.4/armv6-m/crtbegin.o
LOAD c:/freescale/kds_v3/toolchain/bin/../lib/gcc/arm-none-eabi/4.8.4/../../../../arm-none-eabi/lib/armv6-m/crt0.o
LOAD ./Sources/main.o
LOAD ./Project_Settings/Startup_Code/startup_SKEAZ1284.o
LOAD ./Project_Settings/Startup_Code/system_SKEAZ1284.o
LOAD ./FreeRTOS_Source/ARM_CM0/port.o
LOAD ./FreeRTOS_Source/heap_4.o
LOAD ./FreeRTOS_Source/list.o
LOAD ./FreeRTOS_Source/queue.o
LOAD ./FreeRTOS_Source/tasks.o
LOAD ./FreeRTOS_Source/timers.o
LOAD c:/freescale/kds_v3/toolchain/bin/../lib/gcc/arm-none-eabi/4.8.4/../../../../arm-none-eabi/lib/armv6-m\libstdc++_s.a
LOAD c:/freescale/kds_v3/toolchain/bin/../lib/gcc/arm-none-eabi/4.8.4/../../../../arm-none-eabi/lib/armv6-m\libm.a
START GROUP
LOAD c:/freescale/kds_v3/toolchain/bin/../lib/gcc/arm-none-eabi/4.8.4/armv6-m\libgcc.a
LOAD c:/freescale/kds_v3/toolchain/bin/../lib/gcc/arm-none-eabi/4.8.4/../../../../arm-none-eabi/lib/armv6-m\libg_s.a
LOAD c:/freescale/kds_v3/toolchain/bin/../lib/gcc/arm-none-eabi/4.8.4/../../../../arm-none-eabi/lib/armv6-m\libc_s.a
END GROUP
START GROUP
LOAD c:/freescale/kds_v3/toolchain/bin/../lib/gcc/arm-none-eabi/4.8.4/armv6-m\libgcc.a
LOAD c:/freescale/kds_v3/toolchain/bin/../lib/gcc/arm-none-eabi/4.8.4/../../../../arm-none-eabi/lib/armv6-m\libc_s.a
LOAD c:/freescale/kds_v3/toolchain/bin/../lib/gcc/arm-none-eabi/4.8.4/../../../../arm-none-eabi/lib/armv6-m\libnosys.a
END GROUP
START GROUP
LOAD c:/freescale/kds_v3/toolchain/bin/../lib/gcc/arm-none-eabi/4.8.4/armv6-m\libgcc.a
LOAD c:/freescale/kds_v3/toolchain/bin/../lib/gcc/arm-none-eabi/4.8.4/../../../../arm-none-eabi/lib/armv6-m\libc_s.a
LOAD c:/freescale/kds_v3/toolchain/bin/../lib/gcc/arm-none-eabi/4.8.4/../../../../arm-none-eabi/lib/armv6-m\libnosys.a
END GROUP
LOAD c:/freescale/kds_v3/toolchain/bin/../lib/gcc/arm-none-eabi/4.8.4/armv6-m/crtend.o
LOAD c:/freescale/kds_v3/toolchain/bin/../lib/gcc/arm-none-eabi/4.8.4/armv6-m/crtn.o
                0x00000400                HEAP_SIZE = DEFINED (__heap_size__)?__heap_size__:0x400
                0x00000400                STACK_SIZE = DEFINED (__stack_size__)?__stack_size__:0x400

.interrupts     0x00000000       0xc0
                0x00000000                __VECTOR_TABLE = .
                0x00000000                . = ALIGN (0x4)
 *(.isr_vector)
 .isr_vector    0x00000000       0xc0 ./Project_Settings/Startup_Code/startup_SKEAZ1284.o
                0x00000000                __isr_vector
                0x000000c0                . = ALIGN (0x4)

.flash_config   0x00000400       0x10
                0x00000400                . = ALIGN (0x4)
 *(.FlashConfig)
 .FlashConfig   0x00000400       0x10 ./Project_Settings/Startup_Code/startup_SKEAZ1284.o
                0x00000410                . = ALIGN (0x4)

.text           0x00000410     0x2650
                0x00000410                . = ALIGN (0x4)
 *(.text)
 .text          0x00000410       0x60 c:/freescale/kds_v3/toolchain/bin/../lib/gcc/arm-none-eabi/4.8.4/armv6-m/crtbegin.o
 .text          0x00000470       0x78 c:/freescale/kds_v3/toolchain/bin/../lib/gcc/arm-none-eabi/4.8.4/../../../../arm-none-eabi/lib/armv6-m/crt0.o
                0x00000470                _start
                0x00000470                _mainCRTStartup
 .text          0x000004e8       0x44 ./Project_Settings/Startup_Code/startup_SKEAZ1284.o
                0x000004e8                Reset_Handler
                0x00000528                Reserved16_IRQHandler
                0x00000528                I2C0_IRQHandler
                0x00000528                HardFault_Handler
                0x00000528                NMI_Handler
                0x00000528                I2C1_IRQHandler
                0x00000528                Reserved19_IRQHandler
                0x00000528                UART1_IRQHandler
                0x00000528                UART0_IRQHandler
                0x00000528                Reserved42_IRQHandler
                0x00000528                SPI1_IRQHandler
                0x00000528                DefaultISR
                0x00000528                FTMRE_IRQHandler
                0x00000528                RTC_IRQHandler
                0x00000528                IRQ_IRQHandler
                0x00000528                Reserved18_IRQHandler
                0x00000528                FTM1_IRQHandler
                0x00000528                UART2_IRQHandler
                0x00000528                PIT_CH0_IRQHandler
                0x00000528                Reserved20_IRQHandler
                0x00000528                Default_Handler
                0x00000528                Reserved17_IRQHandler
                0x00000528                ADC_IRQHandler
                0x00000528                MSCAN_RX_IRQHandler
                0x00000528                ACMP0_IRQHandler
                0x00000528                MSCAN_TX_IRQHandler
                0x00000528                PWT_IRQHandler
                0x00000528                SVC_Handler
                0x00000528                ICS_IRQHandler
                0x00000528                PIT_CH1_IRQHandler
                0x00000528                KBI0_IRQHandler
                0x00000528                PMC_IRQHandler
                0x00000528                SPI0_IRQHandler
                0x00000528                FTM0_IRQHandler
                0x00000528                WDOG_IRQHandler
                0x00000528                FTM2_IRQHandler
                0x00000528                ACMP1_IRQHandler
                0x00000528                KBI1_IRQHandler
 .text          0x0000052c       0x9c c:/freescale/kds_v3/toolchain/bin/../lib/gcc/arm-none-eabi/4.8.4/armv6-m\libgcc.a(_udivsi3.o)
                0x0000052c                __aeabi_uidiv
                0x0000052c                __udivsi3
                0x000005b4                __aeabi_uidivmod
 .text          0x000005c8        0x4 c:/freescale/kds_v3/toolchain/bin/../lib/gcc/arm-none-eabi/4.8.4/armv6-m\libgcc.a(_dvmd_tls.o)
                0x000005c8                __aeabi_idiv0
                0x000005c8                __aeabi_ldiv0
 *(.text*)
 .text.main     0x000005cc       0x2c ./Sources/main.o
                0x000005cc                main
 .text.my_task  0x000005f8        0x8 ./Sources/main.o
                0x000005f8                my_task
 .text.vApplicationMallocFailedHook
                0x00000600        0x8 ./Sources/main.o
                0x00000600                vApplicationMallocFailedHook
 .text.vApplicationStackOverflowHook
                0x00000608       0x10 ./Sources/main.o
                0x00000608                vApplicationStackOverflowHook
 .text.vApplicationTickHook
                0x00000618        0x8 ./Sources/main.o
                0x00000618                vApplicationTickHook
 .text.SystemInit
                0x00000620       0x8c ./Project_Settings/Startup_Code/system_SKEAZ1284.o
                0x00000620                SystemInit
 .text.pxPortInitialiseStack
                0x000006ac       0x54 ./FreeRTOS_Source/ARM_CM0/port.o
                0x000006ac                pxPortInitialiseStack
 .text.prvTaskExitError
                0x00000700       0x18 ./FreeRTOS_Source/ARM_CM0/port.o
 *fill*         0x00000718        0x8 
 .text.vPortStartFirstTask
                0x00000720       0x40 ./FreeRTOS_Source/ARM_CM0/port.o
 .text.xPortStartScheduler
                0x00000760       0x44 ./FreeRTOS_Source/ARM_CM0/port.o
                0x00000760                xPortStartScheduler
 .text.vPortYield
                0x000007a4       0x1c ./FreeRTOS_Source/ARM_CM0/port.o
                0x000007a4                vPortYield
 .text.vPortEnterCritical
                0x000007c0       0x20 ./FreeRTOS_Source/ARM_CM0/port.o
                0x000007c0                vPortEnterCritical
 .text.vPortExitCritical
                0x000007e0       0x2c ./FreeRTOS_Source/ARM_CM0/port.o
                0x000007e0                vPortExitCritical
 .text.ulSetInterruptMaskFromISR
                0x0000080c        0xc ./FreeRTOS_Source/ARM_CM0/port.o
                0x0000080c                ulSetInterruptMaskFromISR
 .text.vClearInterruptMaskFromISR
                0x00000818        0x8 ./FreeRTOS_Source/ARM_CM0/port.o
                0x00000818                vClearInterruptMaskFromISR
 .text.PendSV_Handler
                0x00000820       0x50 ./FreeRTOS_Source/ARM_CM0/port.o
                0x00000820                PendSV_Handler
 .text.SysTick_Handler
                0x00000870       0x34 ./FreeRTOS_Source/ARM_CM0/port.o
                0x00000870                SysTick_Handler
 .text.prvSetupTimerInterrupt
                0x000008a4       0x30 ./FreeRTOS_Source/ARM_CM0/port.o
 .text.pvPortMalloc
                0x000008d4      0x154 ./FreeRTOS_Source/heap_4.o
                0x000008d4                pvPortMalloc
 .text.vPortFree
                0x00000a28       0x8c ./FreeRTOS_Source/heap_4.o
                0x00000a28                vPortFree
 .text.prvHeapInit
                0x00000ab4       0xc0 ./FreeRTOS_Source/heap_4.o
 .text.prvInsertBlockIntoFreeList
                0x00000b74       0xac ./FreeRTOS_Source/heap_4.o
 .text.vListInitialise
                0x00000c20       0x3c ./FreeRTOS_Source/list.o
                0x00000c20                vListInitialise
 .text.vListInitialiseItem
                0x00000c5c       0x14 ./FreeRTOS_Source/list.o
                0x00000c5c                vListInitialiseItem
 .text.vListInsertEnd
                0x00000c70       0x44 ./FreeRTOS_Source/list.o
                0x00000c70                vListInsertEnd
 .text.vListInsert
                0x00000cb4       0x6c ./FreeRTOS_Source/list.o
                0x00000cb4                vListInsert
 .text.uxListRemove
                0x00000d20       0x50 ./FreeRTOS_Source/list.o
                0x00000d20                uxListRemove
 .text.xQueueGenericReset
                0x00000d70       0xac ./FreeRTOS_Source/queue.o
                0x00000d70                xQueueGenericReset
 .text.xQueueGenericCreate
                0x00000e1c       0x64 ./FreeRTOS_Source/queue.o
                0x00000e1c                xQueueGenericCreate
 .text.prvInitialiseNewQueue
                0x00000e80       0x54 ./FreeRTOS_Source/queue.o
 .text.xQueueGenericSend
                0x00000ed4      0x1c0 ./FreeRTOS_Source/queue.o
                0x00000ed4                xQueueGenericSend
 .text.xQueueGenericSendFromISR
                0x00001094      0x114 ./FreeRTOS_Source/queue.o
                0x00001094                xQueueGenericSendFromISR
 .text.xQueueGenericReceive
                0x000011a8      0x1dc ./FreeRTOS_Source/queue.o
                0x000011a8                xQueueGenericReceive
 .text.prvCopyDataToQueue
                0x00001384       0xe0 ./FreeRTOS_Source/queue.o
 .text.prvCopyDataFromQueue
                0x00001464       0x50 ./FreeRTOS_Source/queue.o
 .text.prvUnlockQueue
                0x000014b4       0xdc ./FreeRTOS_Source/queue.o
 .text.prvIsQueueEmpty
                0x00001590       0x2c ./FreeRTOS_Source/queue.o
 .text.prvIsQueueFull
                0x000015bc       0x30 ./FreeRTOS_Source/queue.o
 .text.vQueueAddToRegistry
                0x000015ec       0x4c ./FreeRTOS_Source/queue.o
                0x000015ec                vQueueAddToRegistry
 .text.vQueueWaitForMessageRestricted
                0x00001638       0x70 ./FreeRTOS_Source/queue.o
                0x00001638                vQueueWaitForMessageRestricted
 .text.prvNotifyQueueSetContainer
                0x000016a8       0xa4 ./FreeRTOS_Source/queue.o
 .text.xTaskCreate
                0x0000174c       0x90 ./FreeRTOS_Source/tasks.o
                0x0000174c                xTaskCreate
 .text.prvInitialiseNewTask
                0x000017dc      0x100 ./FreeRTOS_Source/tasks.o
 .text.prvAddNewTaskToReadyList
                0x000018dc       0xcc ./FreeRTOS_Source/tasks.o
 .text.vTaskStartScheduler
                0x000019a8       0x7c ./FreeRTOS_Source/tasks.o
                0x000019a8                vTaskStartScheduler
 .text.vTaskSuspendAll
                0x00001a24       0x18 ./FreeRTOS_Source/tasks.o
                0x00001a24                vTaskSuspendAll
 .text.xTaskResumeAll
                0x00001a3c      0x118 ./FreeRTOS_Source/tasks.o
                0x00001a3c                xTaskResumeAll
 .text.xTaskGetTickCount
                0x00001b54       0x1c ./FreeRTOS_Source/tasks.o
                0x00001b54                xTaskGetTickCount
 .text.xTaskIncrementTick
                0x00001b70      0x178 ./FreeRTOS_Source/tasks.o
                0x00001b70                xTaskIncrementTick
 .text.vTaskSwitchContext
                0x00001ce8       0xf0 ./FreeRTOS_Source/tasks.o
                0x00001ce8                vTaskSwitchContext
 .text.vTaskPlaceOnEventList
                0x00001dd8       0x38 ./FreeRTOS_Source/tasks.o
                0x00001dd8                vTaskPlaceOnEventList
 .text.vTaskPlaceOnEventListRestricted
                0x00001e10       0x48 ./FreeRTOS_Source/tasks.o
                0x00001e10                vTaskPlaceOnEventListRestricted
 .text.xTaskRemoveFromEventList
                0x00001e58       0xb8 ./FreeRTOS_Source/tasks.o
                0x00001e58                xTaskRemoveFromEventList
 .text.vTaskSetTimeOutState
                0x00001f10       0x30 ./FreeRTOS_Source/tasks.o
                0x00001f10                vTaskSetTimeOutState
 .text.xTaskCheckForTimeOut
                0x00001f40       0x9c ./FreeRTOS_Source/tasks.o
                0x00001f40                xTaskCheckForTimeOut
 .text.vTaskMissedYield
                0x00001fdc       0x14 ./FreeRTOS_Source/tasks.o
                0x00001fdc                vTaskMissedYield
 .text.prvIdleTask
                0x00001ff0       0x20 ./FreeRTOS_Source/tasks.o
 .text.prvInitialiseTaskLists
                0x00002010       0x88 ./FreeRTOS_Source/tasks.o
 .text.prvCheckTasksWaitingTermination
                0x00002098       0x74 ./FreeRTOS_Source/tasks.o
 .text.prvDeleteTCB
                0x0000210c       0x20 ./FreeRTOS_Source/tasks.o
 .text.prvResetNextTaskUnblockTime
                0x0000212c       0x44 ./FreeRTOS_Source/tasks.o
 .text.xTaskGetSchedulerState
                0x00002170       0x38 ./FreeRTOS_Source/tasks.o
                0x00002170                xTaskGetSchedulerState
 .text.vTaskPriorityInherit
                0x000021a8       0xbc ./FreeRTOS_Source/tasks.o
                0x000021a8                vTaskPriorityInherit
 .text.xTaskPriorityDisinherit
                0x00002264       0xb8 ./FreeRTOS_Source/tasks.o
                0x00002264                xTaskPriorityDisinherit
 .text.pvTaskIncrementMutexHeldCount
                0x0000231c       0x24 ./FreeRTOS_Source/tasks.o
                0x0000231c                pvTaskIncrementMutexHeldCount
 .text.prvAddCurrentTaskToDelayedList
                0x00002340       0xa8 ./FreeRTOS_Source/tasks.o
 .text.xTimerCreateTimerTask
                0x000023e8       0x58 ./FreeRTOS_Source/timers.o
                0x000023e8                xTimerCreateTimerTask
 .text.xTimerGenericCommand
                0x00002440       0xac ./FreeRTOS_Source/timers.o
                0x00002440                xTimerGenericCommand
 .text.prvProcessExpiredTimer
                0x000024ec       0x74 ./FreeRTOS_Source/timers.o
 .text.prvTimerTask
                0x00002560       0x28 ./FreeRTOS_Source/timers.o
 .text.prvProcessTimerOrBlockTask
                0x00002588       0x90 ./FreeRTOS_Source/timers.o
 .text.prvGetNextExpireTime
                0x00002618       0x40 ./FreeRTOS_Source/timers.o
 .text.prvSampleTimeNow
                0x00002658       0x40 ./FreeRTOS_Source/timers.o
 .text.prvInsertTimerInActiveList
                0x00002698       0x84 ./FreeRTOS_Source/timers.o
 .text.prvProcessReceivedCommands
                0x0000271c      0x110 ./FreeRTOS_Source/timers.o
 .text.prvSwitchTimerLists
                0x0000282c       0xb8 ./FreeRTOS_Source/timers.o
 .text.prvCheckForValidListAndQueue
                0x000028e4       0x74 ./FreeRTOS_Source/timers.o
 .text.exit     0x00002958       0x2c c:/freescale/kds_v3/toolchain/bin/../lib/gcc/arm-none-eabi/4.8.4/../../../../arm-none-eabi/lib/armv6-m\libg_s.a(lib_a-exit.o)
                0x00002958                exit
 .text.__libc_init_array
                0x00002984       0x4c c:/freescale/kds_v3/toolchain/bin/../lib/gcc/arm-none-eabi/4.8.4/../../../../arm-none-eabi/lib/armv6-m\libg_s.a(lib_a-init.o)
                0x00002984                __libc_init_array
 .text.memcpy   0x000029d0       0x12 c:/freescale/kds_v3/toolchain/bin/../lib/gcc/arm-none-eabi/4.8.4/../../../../arm-none-eabi/lib/armv6-m\libg_s.a(lib_a-memcpy-stub.o)
                0x000029d0                memcpy
 .text.memset   0x000029e2       0x10 c:/freescale/kds_v3/toolchain/bin/../lib/gcc/arm-none-eabi/4.8.4/../../../../arm-none-eabi/lib/armv6-m\libg_s.a(lib_a-memset.o)
                0x000029e2                memset
 *fill*         0x000029f2        0x2 
 .text._exit    0x000029f4        0x4 c:/freescale/kds_v3/toolchain/bin/../lib/gcc/arm-none-eabi/4.8.4/../../../../arm-none-eabi/lib/armv6-m\libnosys.a(_exit.o)
                0x000029f4                _exit
 *(.rodata)
 .rodata        0x000029f8        0x8 ./Sources/main.o
 .rodata        0x00002a00        0x8 ./FreeRTOS_Source/tasks.o
 .rodata        0x00002a08       0x10 ./FreeRTOS_Source/timers.o
 *(.rodata*)
 .rodata.prvProcessReceivedCommands
                0x00002a18       0x28 ./FreeRTOS_Source/timers.o
 .rodata.str1.1
                0x00002a40        0x2 c:/freescale/kds_v3/toolchain/bin/../lib/gcc/arm-none-eabi/4.8.4/../../../../arm-none-eabi/lib/armv6-m\libg_s.a(lib_a-impure.o)
 *fill*         0x00002a42        0x2 
 .rodata._global_impure_ptr
                0x00002a44        0x4 c:/freescale/kds_v3/toolchain/bin/../lib/gcc/arm-none-eabi/4.8.4/../../../../arm-none-eabi/lib/armv6-m\libg_s.a(lib_a-impure.o)
                0x00002a44                _global_impure_ptr
 *(.glue_7)
 .glue_7        0x00000000        0x0 linker stubs
 *(.glue_7t)
 .glue_7t       0x00000000        0x0 linker stubs
 *(.eh_frame)
 .eh_frame      0x00002a48        0x0 c:/freescale/kds_v3/toolchain/bin/../lib/gcc/arm-none-eabi/4.8.4/armv6-m/crtbegin.o
 *(.init)
 .init          0x00002a48        0x4 c:/freescale/kds_v3/toolchain/bin/../lib/gcc/arm-none-eabi/4.8.4/armv6-m/crti.o
                0x00002a48                _init
 .init          0x00002a4c        0x8 c:/freescale/kds_v3/toolchain/bin/../lib/gcc/arm-none-eabi/4.8.4/armv6-m/crtn.o
 *(.fini)
 .fini          0x00002a54        0x4 c:/freescale/kds_v3/toolchain/bin/../lib/gcc/arm-none-eabi/4.8.4/armv6-m/crti.o
                0x00002a54                _fini
 .fini          0x00002a58        0x8 c:/freescale/kds_v3/toolchain/bin/../lib/gcc/arm-none-eabi/4.8.4/armv6-m/crtn.o
                0x00002a60                . = ALIGN (0x4)

.vfp11_veneer   0x00002a60        0x0
 .vfp11_veneer  0x00000000        0x0 linker stubs

.v4_bx          0x00002a60        0x0
 .v4_bx         0x00000000        0x0 linker stubs

.iplt           0x00002a60        0x0
 .iplt          0x00000000        0x0 c:/freescale/kds_v3/toolchain/bin/../lib/gcc/arm-none-eabi/4.8.4/armv6-m/crtbegin.o

.ARM.extab
 *(.ARM.extab* .gnu.linkonce.armextab.*)

.ARM            0x00002a60        0x8
                0x00002a60                __exidx_start = .
 *(.ARM.exidx*)
 .ARM.exidx     0x00002a60        0x8 c:/freescale/kds_v3/toolchain/bin/../lib/gcc/arm-none-eabi/4.8.4/../../../../arm-none-eabi/lib/armv6-m/crt0.o
                0x00002a68                __exidx_end = .

.rel.dyn        0x00002a68        0x0
 .rel.iplt      0x00000000        0x0 c:/freescale/kds_v3/toolchain/bin/../lib/gcc/arm-none-eabi/4.8.4/armv6-m/crtbegin.o

.ctors          0x00002a68        0x0
                0x00002a68                __CTOR_LIST__ = .
 *crtbegin.o(.ctors)
 *crtbegin?.o(.ctors)
 *(EXCLUDE_FILE(*crtend.o *crtend?.o) .ctors)
 *(SORT(.ctors.*))
 *(.ctors)
                0x00002a68                __CTOR_END__ = .

.dtors          0x00002a68        0x0
                0x00002a68                __DTOR_LIST__ = .
 *crtbegin.o(.dtors)
 *crtbegin?.o(.dtors)
 *(EXCLUDE_FILE(*crtend.o *crtend?.o) .dtors)
 *(SORT(.dtors.*))
 *(.dtors)
                0x00002a68                __DTOR_END__ = .

.preinit_array  0x00002a68        0x0
                0x00002a68                PROVIDE (__preinit_array_start, .)
 *(.preinit_array*)
                0x00002a68                PROVIDE (__preinit_array_end, .)

.init_array     0x00002a68        0x4
                0x00002a68                PROVIDE (__init_array_start, .)
 *(SORT(.init_array.*))
 *(.init_array*)
 .init_array    0x00002a68        0x4 c:/freescale/kds_v3/toolchain/bin/../lib/gcc/arm-none-eabi/4.8.4/armv6-m/crtbegin.o
                0x00002a6c                PROVIDE (__init_array_end, .)

.fini_array     0x00002a6c        0x4
                0x00002a6c                PROVIDE (__fini_array_start, .)
 *(SORT(.fini_array.*))
 *(.fini_array*)
 .fini_array    0x00002a6c        0x4 c:/freescale/kds_v3/toolchain/bin/../lib/gcc/arm-none-eabi/4.8.4/armv6-m/crtbegin.o
                0x00002a70                PROVIDE (__fini_array_end, .)
                0x00002a70                __etext = .
                0x00002a70                __DATA_ROM = .

.mtb            0x1ffff000        0x0
                0x1ffff000                . = ALIGN (0x8)
                0x1ffff000                _mtb_start = .
 *(.mtb_buf)
                0x1ffff000                . = ALIGN (0x8)
                0x1ffff000                _mtb_end = .

.data           0x1ffff000       0x6c load address 0x00002a70
                0x1ffff000                . = ALIGN (0x4)
                0x1ffff000                __DATA_RAM = .
                0x1ffff000                __data_start__ = .
 *(.data)
 *(.data*)
 .data.SystemCoreClock
                0x1ffff000        0x4 ./Project_Settings/Startup_Code/system_SKEAZ1284.o
                0x1ffff000                SystemCoreClock
 .data.uxCriticalNesting
                0x1ffff004        0x4 ./FreeRTOS_Source/ARM_CM0/port.o
 .data.impure_data
                0x1ffff008       0x60 c:/freescale/kds_v3/toolchain/bin/../lib/gcc/arm-none-eabi/4.8.4/../../../../arm-none-eabi/lib/armv6-m\libg_s.a(lib_a-impure.o)
 *(.jcr*)
 .jcr           0x1ffff068        0x0 c:/freescale/kds_v3/toolchain/bin/../lib/gcc/arm-none-eabi/4.8.4/armv6-m/crtbegin.o
 .jcr           0x1ffff068        0x4 c:/freescale/kds_v3/toolchain/bin/../lib/gcc/arm-none-eabi/4.8.4/armv6-m/crtend.o
                0x1ffff06c                . = ALIGN (0x4)
                0x1ffff06c                __data_end__ = .
                0x00002adc                __DATA_END = (__DATA_ROM + (__data_end__ - __data_start__))

.igot.plt       0x1ffff06c        0x0 load address 0x00002adc
 .igot.plt      0x00000000        0x0 c:/freescale/kds_v3/toolchain/bin/../lib/gcc/arm-none-eabi/4.8.4/armv6-m/crtbegin.o

.bss            0x1ffff06c     0x2cac load address 0x00002adc
                0x1ffff06c                . = ALIGN (0x4)
                0x1ffff06c                __START_BSS = .
                0x1ffff06c                __bss_start__ = .
 *(.bss)
 .bss           0x1ffff06c       0x1c c:/freescale/kds_v3/toolchain/bin/../lib/gcc/arm-none-eabi/4.8.4/armv6-m/crtbegin.o
 *(.bss*)
 .bss.ucHeap    0x1ffff088     0x2af8 ./FreeRTOS_Source/heap_4.o
 .bss.xStart    0x20001b80        0x8 ./FreeRTOS_Source/heap_4.o
 .bss.pxEnd     0x20001b88        0x4 ./FreeRTOS_Source/heap_4.o
 .bss.xFreeBytesRemaining
                0x20001b8c        0x4 ./FreeRTOS_Source/heap_4.o
 .bss.xMinimumEverFreeBytesRemaining
                0x20001b90        0x4 ./FreeRTOS_Source/heap_4.o
 .bss.xBlockAllocatedBit
                0x20001b94        0x4 ./FreeRTOS_Source/heap_4.o
 .bss.pxCurrentTCB
                0x20001b98        0x4 ./FreeRTOS_Source/tasks.o
                0x20001b98                pxCurrentTCB
 .bss.pxReadyTasksLists
                0x20001b9c       0x64 ./FreeRTOS_Source/tasks.o
 .bss.xDelayedTaskList1
                0x20001c00       0x14 ./FreeRTOS_Source/tasks.o
 .bss.xDelayedTaskList2
                0x20001c14       0x14 ./FreeRTOS_Source/tasks.o
 .bss.pxDelayedTaskList
                0x20001c28        0x4 ./FreeRTOS_Source/tasks.o
 .bss.pxOverflowDelayedTaskList
                0x20001c2c        0x4 ./FreeRTOS_Source/tasks.o
 .bss.xPendingReadyList
                0x20001c30       0x14 ./FreeRTOS_Source/tasks.o
 .bss.xTasksWaitingTermination
                0x20001c44       0x14 ./FreeRTOS_Source/tasks.o
 .bss.uxDeletedTasksWaitingCleanUp
                0x20001c58        0x4 ./FreeRTOS_Source/tasks.o
 .bss.xSuspendedTaskList
                0x20001c5c       0x14 ./FreeRTOS_Source/tasks.o
 .bss.uxCurrentNumberOfTasks
                0x20001c70        0x4 ./FreeRTOS_Source/tasks.o
 .bss.xTickCount
                0x20001c74        0x4 ./FreeRTOS_Source/tasks.o
 .bss.uxTopReadyPriority
                0x20001c78        0x4 ./FreeRTOS_Source/tasks.o
 .bss.xSchedulerRunning
                0x20001c7c        0x4 ./FreeRTOS_Source/tasks.o
 .bss.uxPendedTicks
                0x20001c80        0x4 ./FreeRTOS_Source/tasks.o
 .bss.xYieldPending
                0x20001c84        0x4 ./FreeRTOS_Source/tasks.o
 .bss.xNumOfOverflows
                0x20001c88        0x4 ./FreeRTOS_Source/tasks.o
 .bss.uxTaskNumber
                0x20001c8c        0x4 ./FreeRTOS_Source/tasks.o
 .bss.xNextTaskUnblockTime
                0x20001c90        0x4 ./FreeRTOS_Source/tasks.o
 .bss.xIdleTaskHandle
                0x20001c94        0x4 ./FreeRTOS_Source/tasks.o
 .bss.uxSchedulerSuspended
                0x20001c98        0x4 ./FreeRTOS_Source/tasks.o
 .bss.xActiveTimerList1
                0x20001c9c       0x14 ./FreeRTOS_Source/timers.o
 .bss.xActiveTimerList2
                0x20001cb0       0x14 ./FreeRTOS_Source/timers.o
 .bss.pxCurrentTimerList
                0x20001cc4        0x4 ./FreeRTOS_Source/timers.o
 .bss.pxOverflowTimerList
                0x20001cc8        0x4 ./FreeRTOS_Source/timers.o
 .bss.xTimerQueue
                0x20001ccc        0x4 ./FreeRTOS_Source/timers.o
 .bss.xTimerTaskHandle
                0x20001cd0        0x4 ./FreeRTOS_Source/timers.o
 .bss.xLastTime.4951
                0x20001cd4        0x4 ./FreeRTOS_Source/timers.o
 *(COMMON)
 COMMON         0x20001cd8       0x40 ./FreeRTOS_Source/queue.o
                0x20001cd8                xQueueRegistry
                0x20001d18                . = ALIGN (0x4)
                0x20001d18                __bss_end__ = .
                0x20001d18                __END_BSS = .

.heap           0x20001d18      0x400 load address 0x00005788
                0x20001d18                . = ALIGN (0x8)
                0x20001d18                __end__ = .
                0x20001d18                PROVIDE (end, .)
                0x20001d18                __HeapBase = .
                0x20002118                . = (. + HEAP_SIZE)
 *fill*         0x20001d18      0x400 
                0x20002118                __HeapLimit = .

.stack          0x20002118      0x400 load address 0x00005b88
                0x20002118                . = ALIGN (0x8)
                0x20002518                . = (. + STACK_SIZE)
 *fill*         0x20002118      0x400 
                0x20002518                __StackTop = .
                0x20002118                __StackLimit = (__StackTop - STACK_SIZE)
                0x20002518                PROVIDE (__stack, __StackTop)

.ARM.attributes
                0x00000000       0x28
 *(.ARM.attributes)
 .ARM.attributes
                0x00000000       0x1e c:/freescale/kds_v3/toolchain/bin/../lib/gcc/arm-none-eabi/4.8.4/armv6-m/crti.o
 .ARM.attributes
                0x0000001e       0x2c c:/freescale/kds_v3/toolchain/bin/../lib/gcc/arm-none-eabi/4.8.4/armv6-m/crtbegin.o
 .ARM.attributes
                0x0000004a       0x1b c:/freescale/kds_v3/toolchain/bin/../lib/gcc/arm-none-eabi/4.8.4/../../../../arm-none-eabi/lib/armv6-m/crt0.o
 .ARM.attributes
                0x00000065       0x32 ./Sources/main.o
 .ARM.attributes
                0x00000097       0x1b ./Project_Settings/Startup_Code/startup_SKEAZ1284.o
 .ARM.attributes
                0x000000b2       0x32 ./Project_Settings/Startup_Code/system_SKEAZ1284.o
 .ARM.attributes
                0x000000e4       0x32 ./FreeRTOS_Source/ARM_CM0/port.o
 .ARM.attributes
                0x00000116       0x32 ./FreeRTOS_Source/heap_4.o
 .ARM.attributes
                0x00000148       0x32 ./FreeRTOS_Source/list.o
 .ARM.attributes
                0x0000017a       0x32 ./FreeRTOS_Source/queue.o
 .ARM.attributes
                0x000001ac       0x32 ./FreeRTOS_Source/tasks.o
 .ARM.attributes
                0x000001de       0x32 ./FreeRTOS_Source/timers.o
 .ARM.attributes
                0x00000210       0x1e c:/freescale/kds_v3/toolchain/bin/../lib/gcc/arm-none-eabi/4.8.4/armv6-m\libgcc.a(_udivsi3.o)
 .ARM.attributes
                0x0000022e       0x1e c:/freescale/kds_v3/toolchain/bin/../lib/gcc/arm-none-eabi/4.8.4/armv6-m\libgcc.a(_dvmd_tls.o)
 .ARM.attributes
                0x0000024c       0x2c c:/freescale/kds_v3/toolchain/bin/../lib/gcc/arm-none-eabi/4.8.4/../../../../arm-none-eabi/lib/armv6-m\libg_s.a(lib_a-exit.o)
 .ARM.attributes
                0x00000278       0x2c c:/freescale/kds_v3/toolchain/bin/../lib/gcc/arm-none-eabi/4.8.4/../../../../arm-none-eabi/lib/armv6-m\libg_s.a(lib_a-impure.o)
 .ARM.attributes
                0x000002a4       0x2c c:/freescale/kds_v3/toolchain/bin/../lib/gcc/arm-none-eabi/4.8.4/../../../../arm-none-eabi/lib/armv6-m\libg_s.a(lib_a-init.o)
 .ARM.attributes
                0x000002d0       0x2c c:/freescale/kds_v3/toolchain/bin/../lib/gcc/arm-none-eabi/4.8.4/../../../../arm-none-eabi/lib/armv6-m\libg_s.a(lib_a-memcpy-stub.o)
 .ARM.attributes
                0x000002fc       0x2c c:/freescale/kds_v3/toolchain/bin/../lib/gcc/arm-none-eabi/4.8.4/../../../../arm-none-eabi/lib/armv6-m\libg_s.a(lib_a-memset.o)
 .ARM.attributes
                0x00000328       0x2c c:/freescale/kds_v3/toolchain/bin/../lib/gcc/arm-none-eabi/4.8.4/../../../../arm-none-eabi/lib/armv6-m\libnosys.a(_exit.o)
 .ARM.attributes
                0x00000354       0x2c c:/freescale/kds_v3/toolchain/bin/../lib/gcc/arm-none-eabi/4.8.4/armv6-m/crtend.o
 .ARM.attributes
                0x00000380       0x1e c:/freescale/kds_v3/toolchain/bin/../lib/gcc/arm-none-eabi/4.8.4/armv6-m/crtn.o
OUTPUT(test.elf elf32-littlearm)

.debug_info     0x00000000     0x3d1f
 .debug_info    0x00000000      0x136 ./Sources/main.o
 .debug_info    0x00000136       0x86 ./Project_Settings/Startup_Code/startup_SKEAZ1284.o
 .debug_info    0x000001bc      0x345 ./Project_Settings/Startup_Code/system_SKEAZ1284.o
 .debug_info    0x00000501      0x256 ./FreeRTOS_Source/ARM_CM0/port.o
 .debug_info    0x00000757      0x2fa ./FreeRTOS_Source/heap_4.o
 .debug_info    0x00000a51      0x2a1 ./FreeRTOS_Source/list.o
 .debug_info    0x00000cf2     0x1017 ./FreeRTOS_Source/queue.o
 .debug_info    0x00001d09     0x16be ./FreeRTOS_Source/tasks.o
 .debug_info    0x000033c7      0x958 ./FreeRTOS_Source/timers.o

.debug_abbrev   0x00000000      0xb2b
 .debug_abbrev  0x00000000       0xca ./Sources/main.o
 .debug_abbrev  0x000000ca       0x14 ./Project_Settings/Startup_Code/startup_SKEAZ1284.o
 .debug_abbrev  0x000000de      0x102 ./Project_Settings/Startup_Code/system_SKEAZ1284.o
 .debug_abbrev  0x000001e0      0x187 ./FreeRTOS_Source/ARM_CM0/port.o
 .debug_abbrev  0x00000367      0x175 ./FreeRTOS_Source/heap_4.o
 .debug_abbrev  0x000004dc       0xc1 ./FreeRTOS_Source/list.o
 .debug_abbrev  0x0000059d      0x1a6 ./FreeRTOS_Source/queue.o
 .debug_abbrev  0x00000743      0x245 ./FreeRTOS_Source/tasks.o
 .debug_abbrev  0x00000988      0x1a3 ./FreeRTOS_Source/timers.o

.debug_aranges  0x00000000      0x580
 .debug_aranges
                0x00000000       0x48 ./Sources/main.o
 .debug_aranges
                0x00000048       0x20 ./Project_Settings/Startup_Code/startup_SKEAZ1284.o
 .debug_aranges
                0x00000068       0x28 ./Project_Settings/Startup_Code/system_SKEAZ1284.o
 .debug_aranges
                0x00000090       0x88 ./FreeRTOS_Source/ARM_CM0/port.o
 .debug_aranges
                0x00000118       0x50 ./FreeRTOS_Source/heap_4.o
 .debug_aranges
                0x00000168       0x40 ./FreeRTOS_Source/list.o
 .debug_aranges
                0x000001a8      0x148 ./FreeRTOS_Source/queue.o
 .debug_aranges
                0x000002f0      0x1d8 ./FreeRTOS_Source/tasks.o
 .debug_aranges
                0x000004c8       0xb8 ./FreeRTOS_Source/timers.o

.debug_ranges   0x00000000      0x4e0
 .debug_ranges  0x00000000       0x38 ./Sources/main.o
 .debug_ranges  0x00000038       0x18 ./Project_Settings/Startup_Code/system_SKEAZ1284.o
 .debug_ranges  0x00000050       0x78 ./FreeRTOS_Source/ARM_CM0/port.o
 .debug_ranges  0x000000c8       0x40 ./FreeRTOS_Source/heap_4.o
 .debug_ranges  0x00000108       0x30 ./FreeRTOS_Source/list.o
 .debug_ranges  0x00000138      0x138 ./FreeRTOS_Source/queue.o
 .debug_ranges  0x00000270      0x1c8 ./FreeRTOS_Source/tasks.o
 .debug_ranges  0x00000438       0xa8 ./FreeRTOS_Source/timers.o

.debug_macro    0x00000000     0x772b
 .debug_macro   0x00000000      0x1b2 ./Sources/main.o
 .debug_macro   0x000001b2      0x802 ./Sources/main.o
 .debug_macro   0x000009b4       0x16 ./Sources/main.o
 .debug_macro   0x000009ca       0x16 ./Sources/main.o
 .debug_macro   0x000009e0       0x44 ./Sources/main.o
 .debug_macro   0x00000a24      0x209 ./Sources/main.o
 .debug_macro   0x00000c2d       0x39 ./Sources/main.o
 .debug_macro   0x00000c66       0x3a ./Sources/main.o
 .debug_macro   0x00000ca0       0x26 ./Sources/main.o
 .debug_macro   0x00000cc6      0x306 ./Sources/main.o
 .debug_macro   0x00000fcc       0x28 ./Sources/main.o
 .debug_macro   0x00000ff4     0x479a ./Sources/main.o
 .debug_macro   0x0000578e       0x58 ./Sources/main.o
 .debug_macro   0x000057e6       0x35 ./Sources/main.o
 .debug_macro   0x0000581b       0xa3 ./Sources/main.o
 .debug_macro   0x000058be      0x166 ./Sources/main.o
 .debug_macro   0x00005a24       0x52 ./Sources/main.o
 .debug_macro   0x00005a76       0x16 ./Sources/main.o
 .debug_macro   0x00005a8c       0x43 ./Sources/main.o
 .debug_macro   0x00005acf      0x180 ./Sources/main.o
 .debug_macro   0x00005c4f      0x2a6 ./Sources/main.o
 .debug_macro   0x00005ef5       0x10 ./Sources/main.o
 .debug_macro   0x00005f05       0x35 ./Sources/main.o
 .debug_macro   0x00005f3a       0xfe ./Sources/main.o
 .debug_macro   0x00006038      0x168 ./Sources/main.o
 .debug_macro   0x000061a0       0xaf ./Sources/main.o
 .debug_macro   0x0000624f       0x10 ./Sources/main.o
 .debug_macro   0x0000625f       0x1f ./Sources/main.o
 .debug_macro   0x0000627e      0x3ec ./Sources/main.o
 .debug_macro   0x0000666a       0xc0 ./Sources/main.o
 .debug_macro   0x0000672a       0x8c ./Sources/main.o
 .debug_macro   0x000067b6       0x94 ./Sources/main.o
 .debug_macro   0x0000684a       0x78 ./Sources/main.o
 .debug_macro   0x000068c2       0x7e ./Project_Settings/Startup_Code/system_SKEAZ1284.o
 .debug_macro   0x00006940       0x4b ./Project_Settings/Startup_Code/system_SKEAZ1284.o
 .debug_macro   0x0000698b       0xfe ./FreeRTOS_Source/ARM_CM0/port.o
 .debug_macro   0x00006a89      0x15a ./FreeRTOS_Source/heap_4.o
 .debug_macro   0x00006be3       0x16 ./FreeRTOS_Source/heap_4.o
 .debug_macro   0x00006bf9      0x10e ./FreeRTOS_Source/heap_4.o
 .debug_macro   0x00006d07       0x7f ./FreeRTOS_Source/heap_4.o
 .debug_macro   0x00006d86       0x4a ./FreeRTOS_Source/heap_4.o
 .debug_macro   0x00006dd0       0x22 ./FreeRTOS_Source/heap_4.o
 .debug_macro   0x00006df2      0x20f ./FreeRTOS_Source/heap_4.o
 .debug_macro   0x00007001      0x133 ./FreeRTOS_Source/list.o
 .debug_macro   0x00007134      0x1be ./FreeRTOS_Source/queue.o
 .debug_macro   0x000072f2      0x228 ./FreeRTOS_Source/tasks.o
 .debug_macro   0x0000751a       0x91 ./FreeRTOS_Source/tasks.o
 .debug_macro   0x000075ab       0x10 ./FreeRTOS_Source/tasks.o
 .debug_macro   0x000075bb      0x170 ./FreeRTOS_Source/timers.o

.debug_line     0x00000000     0x2fbe
 .debug_line    0x00000000      0x42d ./Sources/main.o
 .debug_line    0x0000042d       0x85 ./Project_Settings/Startup_Code/startup_SKEAZ1284.o
 .debug_line    0x000004b2      0x22f ./Project_Settings/Startup_Code/system_SKEAZ1284.o
 .debug_line    0x000006e1      0x3b4 ./FreeRTOS_Source/ARM_CM0/port.o
 .debug_line    0x00000a95      0x415 ./FreeRTOS_Source/heap_4.o
 .debug_line    0x00000eaa      0x36b ./FreeRTOS_Source/list.o
 .debug_line    0x00001215      0xa12 ./FreeRTOS_Source/queue.o
 .debug_line    0x00001c27      0xde8 ./FreeRTOS_Source/tasks.o
 .debug_line    0x00002a0f      0x5af ./FreeRTOS_Source/timers.o

.debug_str      0x00000000    0x23939
 .debug_str     0x00000000    0x20804 ./Sources/main.o
                              0x20c5d (size before relaxing)
 .debug_str     0x00020804      0x13b ./Project_Settings/Startup_Code/system_SKEAZ1284.o
                              0x1a6bc (size before relaxing)
 .debug_str     0x0002093f      0x3a0 ./FreeRTOS_Source/ARM_CM0/port.o
                               0x6700 (size before relaxing)
 .debug_str     0x00020cdf      0x31b ./FreeRTOS_Source/heap_4.o
                               0x7900 (size before relaxing)
 .debug_str     0x00020ffa      0x125 ./FreeRTOS_Source/list.o
                               0x7206 (size before relaxing)
 .debug_str     0x0002111f      0x82c ./FreeRTOS_Source/queue.o
                               0x9769 (size before relaxing)
 .debug_str     0x0002194b     0x1bdb ./FreeRTOS_Source/tasks.o
                               0xa3e9 (size before relaxing)
 .debug_str     0x00023526      0x413 ./FreeRTOS_Source/timers.o
                               0x8bf8 (size before relaxing)

.comment        0x00000000       0x70
 .comment       0x00000000       0x70 ./Sources/main.o
                                 0x71 (size before relaxing)
 .comment       0x00000000       0x71 ./Project_Settings/Startup_Code/system_SKEAZ1284.o
 .comment       0x00000000       0x71 ./FreeRTOS_Source/ARM_CM0/port.o
 .comment       0x00000000       0x71 ./FreeRTOS_Source/heap_4.o
 .comment       0x00000000       0x71 ./FreeRTOS_Source/list.o
 .comment       0x00000000       0x71 ./FreeRTOS_Source/queue.o
 .comment       0x00000000       0x71 ./FreeRTOS_Source/tasks.o
 .comment       0x00000000       0x71 ./FreeRTOS_Source/timers.o

.debug_frame    0x00000000     0x1344
 .debug_frame   0x00000000       0xc0 ./Sources/main.o
 .debug_frame   0x000000c0       0x4c ./Project_Settings/Startup_Code/system_SKEAZ1284.o
 .debug_frame   0x0000010c      0x174 ./FreeRTOS_Source/ARM_CM0/port.o
 .debug_frame   0x00000280       0xe4 ./FreeRTOS_Source/heap_4.o
 .debug_frame   0x00000364       0xb0 ./FreeRTOS_Source/list.o
 .debug_frame   0x00000414      0x4d0 ./FreeRTOS_Source/queue.o
 .debug_frame   0x000008e4      0x6fc ./FreeRTOS_Source/tasks.o
 .debug_frame   0x00000fe0      0x288 ./FreeRTOS_Source/timers.o
 .debug_frame   0x00001268       0x20 c:/freescale/kds_v3/toolchain/bin/../lib/gcc/arm-none-eabi/4.8.4/armv6-m\libgcc.a(_udivsi3.o)
 .debug_frame   0x00001288       0x28 c:/freescale/kds_v3/toolchain/bin/../lib/gcc/arm-none-eabi/4.8.4/../../../../arm-none-eabi/lib/armv6-m\libg_s.a(lib_a-exit.o)
 .debug_frame   0x000012b0       0x2c c:/freescale/kds_v3/toolchain/bin/../lib/gcc/arm-none-eabi/4.8.4/../../../../arm-none-eabi/lib/armv6-m\libg_s.a(lib_a-init.o)
 .debug_frame   0x000012dc       0x28 c:/freescale/kds_v3/toolchain/bin/../lib/gcc/arm-none-eabi/4.8.4/../../../../arm-none-eabi/lib/armv6-m\libg_s.a(lib_a-memcpy-stub.o)
 .debug_frame   0x00001304       0x20 c:/freescale/kds_v3/toolchain/bin/../lib/gcc/arm-none-eabi/4.8.4/../../../../arm-none-eabi/lib/armv6-m\libg_s.a(lib_a-memset.o)
 .debug_frame   0x00001324       0x20 c:/freescale/kds_v3/toolchain/bin/../lib/gcc/arm-none-eabi/4.8.4/../../../../arm-none-eabi/lib/armv6-m\libnosys.a(_exit.o)
